Archive member included to satisfy reference by file (symbol)

/Applications/ARM/bin/../lib/gcc/arm-none-eabi/10.3.1/thumb/v6-m/nofp/libgcc.a(_udivsi3.o)
                              ./system/src/stm32f0-hal/stm32f0xx_hal.o (__aeabi_uidiv)
/Applications/ARM/bin/../lib/gcc/arm-none-eabi/10.3.1/thumb/v6-m/nofp/libgcc.a(_dvmd_tls.o)
                              /Applications/ARM/bin/../lib/gcc/arm-none-eabi/10.3.1/thumb/v6-m/nofp/libgcc.a(_udivsi3.o) (__aeabi_idiv0)
/Applications/ARM/bin/../lib/gcc/arm-none-eabi/10.3.1/../../../../arm-none-eabi/lib/thumb/v6-m/nofp/libg_nano.a(lib_a-errno.o)
                              ./system/src/newlib/sbrk.o (__errno)
/Applications/ARM/bin/../lib/gcc/arm-none-eabi/10.3.1/../../../../arm-none-eabi/lib/thumb/v6-m/nofp/libg_nano.a(lib_a-impure.o)
                              /Applications/ARM/bin/../lib/gcc/arm-none-eabi/10.3.1/../../../../arm-none-eabi/lib/thumb/v6-m/nofp/libg_nano.a(lib_a-errno.o) (_impure_ptr)
/Applications/ARM/bin/../lib/gcc/arm-none-eabi/10.3.1/../../../../arm-none-eabi/lib/thumb/v6-m/nofp/libg_nano.a(lib_a-sprintf.o)
                              ./src/main.o (sprintf)
/Applications/ARM/bin/../lib/gcc/arm-none-eabi/10.3.1/../../../../arm-none-eabi/lib/thumb/v6-m/nofp/libg_nano.a(lib_a-strlen.o)
                              ./system/src/diag/trace.o (strlen)
/Applications/ARM/bin/../lib/gcc/arm-none-eabi/10.3.1/../../../../arm-none-eabi/lib/thumb/v6-m/nofp/libg_nano.a(lib_a-vsnprintf.o)
                              ./system/src/diag/trace.o (vsnprintf)
/Applications/ARM/bin/../lib/gcc/arm-none-eabi/10.3.1/../../../../arm-none-eabi/lib/thumb/v6-m/nofp/libg_nano.a(lib_a-nano-svfprintf.o)
                              /Applications/ARM/bin/../lib/gcc/arm-none-eabi/10.3.1/../../../../arm-none-eabi/lib/thumb/v6-m/nofp/libg_nano.a(lib_a-sprintf.o) (_svfprintf_r)
/Applications/ARM/bin/../lib/gcc/arm-none-eabi/10.3.1/../../../../arm-none-eabi/lib/thumb/v6-m/nofp/libg_nano.a(lib_a-nano-vfprintf_i.o)
                              /Applications/ARM/bin/../lib/gcc/arm-none-eabi/10.3.1/../../../../arm-none-eabi/lib/thumb/v6-m/nofp/libg_nano.a(lib_a-nano-svfprintf.o) (_printf_i)
/Applications/ARM/bin/../lib/gcc/arm-none-eabi/10.3.1/../../../../arm-none-eabi/lib/thumb/v6-m/nofp/libg_nano.a(lib_a-memchr-stub.o)
                              /Applications/ARM/bin/../lib/gcc/arm-none-eabi/10.3.1/../../../../arm-none-eabi/lib/thumb/v6-m/nofp/libg_nano.a(lib_a-nano-svfprintf.o) (memchr)
/Applications/ARM/bin/../lib/gcc/arm-none-eabi/10.3.1/../../../../arm-none-eabi/lib/thumb/v6-m/nofp/libg_nano.a(lib_a-memcpy-stub.o)
                              /Applications/ARM/bin/../lib/gcc/arm-none-eabi/10.3.1/../../../../arm-none-eabi/lib/thumb/v6-m/nofp/libg_nano.a(lib_a-nano-svfprintf.o) (memcpy)
/Applications/ARM/bin/../lib/gcc/arm-none-eabi/10.3.1/../../../../arm-none-eabi/lib/thumb/v6-m/nofp/libg_nano.a(lib_a-memmove.o)
                              /Applications/ARM/bin/../lib/gcc/arm-none-eabi/10.3.1/../../../../arm-none-eabi/lib/thumb/v6-m/nofp/libg_nano.a(lib_a-nano-svfprintf.o) (memmove)
/Applications/ARM/bin/../lib/gcc/arm-none-eabi/10.3.1/../../../../arm-none-eabi/lib/thumb/v6-m/nofp/libg_nano.a(lib_a-nano-freer.o)
                              /Applications/ARM/bin/../lib/gcc/arm-none-eabi/10.3.1/../../../../arm-none-eabi/lib/thumb/v6-m/nofp/libg_nano.a(lib_a-nano-svfprintf.o) (_free_r)
/Applications/ARM/bin/../lib/gcc/arm-none-eabi/10.3.1/../../../../arm-none-eabi/lib/thumb/v6-m/nofp/libg_nano.a(lib_a-nano-mallocr.o)
                              /Applications/ARM/bin/../lib/gcc/arm-none-eabi/10.3.1/../../../../arm-none-eabi/lib/thumb/v6-m/nofp/libg_nano.a(lib_a-nano-svfprintf.o) (_malloc_r)
/Applications/ARM/bin/../lib/gcc/arm-none-eabi/10.3.1/../../../../arm-none-eabi/lib/thumb/v6-m/nofp/libg_nano.a(lib_a-nano-reallocr.o)
                              /Applications/ARM/bin/../lib/gcc/arm-none-eabi/10.3.1/../../../../arm-none-eabi/lib/thumb/v6-m/nofp/libg_nano.a(lib_a-nano-svfprintf.o) (_realloc_r)
/Applications/ARM/bin/../lib/gcc/arm-none-eabi/10.3.1/../../../../arm-none-eabi/lib/thumb/v6-m/nofp/libg_nano.a(lib_a-sbrkr.o)
                              /Applications/ARM/bin/../lib/gcc/arm-none-eabi/10.3.1/../../../../arm-none-eabi/lib/thumb/v6-m/nofp/libg_nano.a(lib_a-nano-mallocr.o) (_sbrk_r)
/Applications/ARM/bin/../lib/gcc/arm-none-eabi/10.3.1/../../../../arm-none-eabi/lib/thumb/v6-m/nofp/libg_nano.a(lib_a-mlock.o)
                              /Applications/ARM/bin/../lib/gcc/arm-none-eabi/10.3.1/../../../../arm-none-eabi/lib/thumb/v6-m/nofp/libg_nano.a(lib_a-nano-freer.o) (__malloc_lock)
/Applications/ARM/bin/../lib/gcc/arm-none-eabi/10.3.1/../../../../arm-none-eabi/lib/thumb/v6-m/nofp/libg_nano.a(lib_a-nano-msizer.o)
                              /Applications/ARM/bin/../lib/gcc/arm-none-eabi/10.3.1/../../../../arm-none-eabi/lib/thumb/v6-m/nofp/libg_nano.a(lib_a-nano-reallocr.o) (_malloc_usable_size_r)
[...]
Memory Configuration

Name             Origin             Length             Attributes
RAM              0x0000000020000000 0x0000000000002000 xrw
CCMRAM           0x0000000000000000 0x0000000000000000 xrw
FLASH            0x0000000008000000 0x0000000000010000 xr
FLASHB1          0x0000000000000000 0x0000000000000000 xr
EXTMEMB0         0x0000000000000000 0x0000000000000000 xr
EXTMEMB1         0x0000000000000000 0x0000000000000000 xr
EXTMEMB2         0x0000000000000000 0x0000000000000000 xr
EXTMEMB3         0x0000000000000000 0x0000000000000000 xr
MEMORY_ARRAY     0x0000000000000000 0x0000000000000000 xrw
*default*        0x0000000000000000 0xffffffffffffffff

Linker script and memory map

LOAD ./system/src/stm32f0-hal/stm32f0xx_hal.o
LOAD ./system/src/stm32f0-hal/stm32f0xx_hal_cortex.o
LOAD ./system/src/stm32f0-hal/stm32f0xx_hal_flash.o
LOAD ./system/src/stm32f0-hal/stm32f0xx_hal_flash_ex.o
LOAD ./system/src/stm32f0-hal/stm32f0xx_hal_gpio.o
LOAD ./system/src/stm32f0-hal/stm32f0xx_hal_iwdg.o
LOAD ./system/src/stm32f0-hal/stm32f0xx_hal_pwr.o
LOAD ./system/src/stm32f0-hal/stm32f0xx_hal_rcc.o
LOAD ./system/src/stm32f0-hal/stm32f0xx_hal_tsc.o
LOAD ./system/src/newlib/assert.o
LOAD ./system/src/newlib/cxx.o
LOAD ./system/src/newlib/exit.o
LOAD ./system/src/newlib/sbrk.o
LOAD ./system/src/newlib/startup.o
LOAD ./system/src/newlib/syscalls.o
LOAD ./system/src/diag/trace-impl.o
LOAD ./system/src/diag/trace.o
LOAD ./system/src/cortexm/exception-handlers.o
LOAD ./system/src/cortexm/initialize-hardware.o
LOAD ./system/src/cortexm/reset-hardware.o
LOAD ./system/src/cmsis/system_stm32f0xx.o
LOAD ./system/src/cmsis/vectors_stm32f051x8.o
LOAD ./src/initialize-hardware.o
LOAD ./src/lcd_stm32f0.o
LOAD ./src/main.o
LOAD ./src/stm32f0xx_hal_msp.o
LOAD ./src/write.o
LOAD /Applications/ARM/bin/../lib/gcc/arm-none-eabi/10.3.1/../../../../arm-none-eabi/lib/thumb/v6-m/nofp/libstdc++_nano.a
LOAD /Applications/ARM/bin/../lib/gcc/arm-none-eabi/10.3.1/../../../../arm-none-eabi/lib/thumb/v6-m/nofp/libm.a
START GROUP
LOAD /Applications/ARM/bin/../lib/gcc/arm-none-eabi/10.3.1/thumb/v6-m/nofp/libgcc.a
LOAD /Applications/ARM/bin/../lib/gcc/arm-none-eabi/10.3.1/../../../../arm-none-eabi/lib/thumb/v6-m/nofp/libg_nano.a
LOAD /Applications/ARM/bin/../lib/gcc/arm-none-eabi/10.3.1/../../../../arm-none-eabi/lib/thumb/v6-m/nofp/libc_nano.a
END GROUP
START GROUP
LOAD /Applications/ARM/bin/../lib/gcc/arm-none-eabi/10.3.1/thumb/v6-m/nofp/libgcc.a
LOAD /Applications/ARM/bin/../lib/gcc/arm-none-eabi/10.3.1/../../../../arm-none-eabi/lib/thumb/v6-m/nofp/libc_nano.a
END GROUP
                0x0000000020002000                __stack = (ORIGIN (RAM) + LENGTH (RAM))
                0x0000000020002000                _estack = __stack
                0x0000000000000400                __Main_Stack_Size = 0x400
                [!provide]                        PROVIDE (_Main_Stack_Size = __Main_Stack_Size)
                0x0000000020001c00                __Main_Stack_Limit = (__stack - __Main_Stack_Size)
                [!provide]                        PROVIDE (_Main_Stack_Limit = __Main_Stack_Limit)
                0x0000000000000100                _Minimum_Stack_Size = 0x100
                0x0000000020000128                PROVIDE (_Heap_Begin = _end_noinit)
                0x0000000020001c00                PROVIDE (_Heap_Limit = (__stack - __Main_Stack_Size))

.isr_vector     0x0000000008000000      0x224
 FILL mask 0xff
                0x0000000008000000                __vectors_start = ABSOLUTE (.)
                0x0000000008000000                __vectors_start__ = ABSOLUTE (.)
 *(.isr_vector)
 .isr_vector    0x0000000008000000       0xbc ./system/src/cmsis/vectors_stm32f051x8.o
                0x0000000008000000                __isr_vectors
 *(.cfmconfig)
 *(.after_vectors .after_vectors.*)
 .after_vectors
                0x00000000080000bc      0x114 ./system/src/newlib/startup.o
                0x00000000080000bc                _start
 .after_vectors
                0x00000000080001d0       0x50 ./system/src/cortexm/exception-handlers.o
                0x00000000080001d0                Reset_Handler
                0x00000000080001d6                NMI_Handler
                0x00000000080001da                HardFault_Handler
                0x00000000080001f2                HardFault_Handler_C
                0x0000000008000210                SVC_Handler
                0x0000000008000214                PendSV_Handler
                0x0000000008000218                SysTick_Handler
 .after_vectors
                0x0000000008000220        0x4 ./system/src/cmsis/vectors_stm32f051x8.o
                0x0000000008000220                TIM1_BRK_UP_TRG_COM_IRQHandler
                0x0000000008000220                TSC_IRQHandler
                0x0000000008000220                ADC1_COMP_IRQHandler
                0x0000000008000220                PVD_IRQHandler
                0x0000000008000220                I2C1_IRQHandler
                0x0000000008000220                SPI1_IRQHandler
                0x0000000008000220                TIM6_DAC_IRQHandler
                0x0000000008000220                EXTI2_3_IRQHandler
                0x0000000008000220                I2C2_IRQHandler
                0x0000000008000220                TIM17_IRQHandler
                0x0000000008000220                RTC_IRQHandler
                0x0000000008000220                TIM16_IRQHandler
                0x0000000008000220                TIM3_IRQHandler
                0x0000000008000220                RCC_IRQHandler
                0x0000000008000220                EXTI4_15_IRQHandler
                0x0000000008000220                DMA1_Channel1_IRQHandler
                0x0000000008000220                Default_Handler
                0x0000000008000220                CEC_IRQHandler
                0x0000000008000220                TIM14_IRQHandler
                0x0000000008000220                DMA1_Channel4_5_IRQHandler
                0x0000000008000220                TIM15_IRQHandler
                0x0000000008000220                EXTI0_1_IRQHandler
                0x0000000008000220                SPI2_IRQHandler
                0x0000000008000220                WWDG_IRQHandler
                0x0000000008000220                TIM2_IRQHandler
                0x0000000008000220                DMA1_Channel2_3_IRQHandler
                0x0000000008000220                USART2_IRQHandler
                0x0000000008000220                FLASH_IRQHandler
                0x0000000008000220                USART1_IRQHandler
                0x0000000008000220                TIM1_CC_IRQHandler

.inits          0x0000000008000224       0x28
                0x0000000008000224                __data_regions_array_start = .
                0x0000000008000224        0x4 LONG 0x80015a8 LOADADDR (.data)
                0x0000000008000228        0x4 LONG 0x20000000 ADDR (.data)
                0x000000000800022c        0x4 LONG 0x20000080 (ADDR (.data) + SIZEOF (.data))
                0x0000000008000230        0x4 LONG 0x80015a8 LOADADDR (.data_CCMRAM)
                0x0000000008000234        0x4 LONG 0x0 ADDR (.data_CCMRAM)
                0x0000000008000238        0x4 LONG 0x0 (ADDR (.data_CCMRAM) + SIZEOF (.data_CCMRAM))
                0x000000000800023c                __data_regions_array_end = .
                0x000000000800023c                __bss_regions_array_start = .
                0x000000000800023c        0x4 LONG 0x20000080 ADDR (.bss)
                0x0000000008000240        0x4 LONG 0x20000128 (ADDR (.bss) + SIZEOF (.bss))
                0x0000000008000244        0x4 LONG 0x0 ADDR (.bss_CCMRAM)
                0x0000000008000248        0x4 LONG 0x0 (ADDR (.bss_CCMRAM) + SIZEOF (.bss_CCMRAM))
                0x000000000800024c                __bss_regions_array_end = .
 *(.init)
 *(.fini)
                0x000000000800024c                . = ALIGN (0x4)
                0x000000000800024c                PROVIDE (__preinit_array_start = .)
 *(.preinit_array_sysinit .preinit_array_sysinit.*)
 *(.preinit_array_platform .preinit_array_platform.*)
 *(.preinit_array .preinit_array.*)
                0x000000000800024c                PROVIDE (__preinit_array_end = .)
                0x000000000800024c                . = ALIGN (0x4)
                0x000000000800024c                PROVIDE (__init_array_start = .)
 *(SORT_BY_NAME(.init_array.*))
 *(.init_array)
                0x000000000800024c                PROVIDE (__init_array_end = .)
                0x000000000800024c                . = ALIGN (0x4)
                0x000000000800024c                PROVIDE (__fini_array_start = .)
 *(SORT_BY_NAME(.fini_array.*))
 *(.fini_array)
                0x000000000800024c                PROVIDE (__fini_array_end = .)

.flashtext
 *(.flashtext .flashtext.*)

.text           0x000000000800024c     0x135a
 *(.text .text.*)
 .text.HAL_InitTick
                0x000000000800024c       0x50 ./system/src/stm32f0-hal/stm32f0xx_hal.o
                0x000000000800024c                HAL_InitTick
 .text.HAL_Init
                0x000000000800029c       0x20 ./system/src/stm32f0-hal/stm32f0xx_hal.o
                0x000000000800029c                HAL_Init
 .text.HAL_NVIC_SetPriority
                0x00000000080002bc       0x78 ./system/src/stm32f0-hal/stm32f0xx_hal_cortex.o
                0x00000000080002bc                HAL_NVIC_SetPriority
 .text.HAL_SYSTICK_Config
                0x0000000008000334       0x38 ./system/src/stm32f0-hal/stm32f0xx_hal_cortex.o
                0x0000000008000334                HAL_SYSTICK_Config
 .text.HAL_SYSTICK_CLKSourceConfig
                0x000000000800036c       0x3c ./system/src/stm32f0-hal/stm32f0xx_hal_cortex.o
                0x000000000800036c                HAL_SYSTICK_CLKSourceConfig
 .text.HAL_RCC_GetHCLKFreq
                0x00000000080003a8        0xc ./system/src/stm32f0-hal/stm32f0xx_hal_rcc.o
                0x00000000080003a8                HAL_RCC_GetHCLKFreq
 .text._exit    0x00000000080003b4        0x2 ./system/src/newlib/exit.o
                0x00000000080003b4                _exit
 *fill*         0x00000000080003b6        0x2 
 .text._sbrk    0x00000000080003b8       0x48 ./system/src/newlib/sbrk.o
                0x00000000080003b8                _sbrk
 .text.__initialize_args
                0x0000000008000400       0x10 ./system/src/newlib/syscalls.o
                0x0000000008000400                __initialize_args
 .text._trace_write_semihosting_debug
                0x0000000008000410       0x62 ./system/src/diag/trace-impl.o
 .text.trace_write
                0x0000000008000472        0x8 ./system/src/diag/trace-impl.o
                0x0000000008000472                trace_write
 *fill*         0x000000000800047a        0x2 
 .text.trace_printf
                0x000000000800047c       0x30 ./system/src/diag/trace.o
                0x000000000800047c                trace_printf
 .text.dumpExceptionStack
                0x00000000080004ac       0x88 ./system/src/cortexm/exception-handlers.o
                0x00000000080004ac                dumpExceptionStack
 .text.__initialize_hardware_early
                0x0000000008000534        0x8 ./system/src/cortexm/initialize-hardware.o
                0x0000000008000534                __initialize_hardware_early
 .text.SystemInit
                0x000000000800053c        0x2 ./system/src/cmsis/system_stm32f0xx.o
                0x000000000800053c                SystemInit
 *fill*         0x000000000800053e        0x2 
 .text.SystemCoreClockUpdate
                0x0000000008000540       0x94 ./system/src/cmsis/system_stm32f0xx.o
                0x0000000008000540                SystemCoreClockUpdate
 .text.SystemClock_Config
                0x00000000080005d4       0x1a ./src/initialize-hardware.o
                0x00000000080005d4                SystemClock_Config
 .text.__initialize_hardware
                0x00000000080005ee       0x10 ./src/initialize-hardware.o
                0x00000000080005ee                __initialize_hardware
 *fill*         0x00000000080005fe        0x2 
 .text.assert_failed
                0x0000000008000600       0x14 ./src/initialize-hardware.o
                0x0000000008000600                assert_failed
 .text.delay    0x0000000008000614       0x22 ./src/lcd_stm32f0.o
                0x0000000008000614                delay
 *fill*         0x0000000008000636        0x2 
 .text.pulse_strobe
                0x0000000008000638       0x38 ./src/lcd_stm32f0.o
                0x0000000008000638                pulse_strobe
 .text.lcd_putchar
                0x0000000008000670      0x124 ./src/lcd_stm32f0.o
                0x0000000008000670                lcd_putchar
 .text.lcd_putstring
                0x0000000008000794       0x1a ./src/lcd_stm32f0.o
                0x0000000008000794                lcd_putstring
 *fill*         0x00000000080007ae        0x2 
 .text.lcd_command
                0x00000000080007b0      0x130 ./src/lcd_stm32f0.o
                0x00000000080007b0                lcd_command
 .text.init_LCD
                0x00000000080008e0       0x80 ./src/lcd_stm32f0.o
                0x00000000080008e0                init_LCD
 .text.main     0x0000000008000960       0x5c ./src/main.o
                0x0000000008000960                main
 .text.HAL_MspInit
                0x00000000080009bc        0x2 ./src/stm32f0xx_hal_msp.o
                0x00000000080009bc                HAL_MspInit
 *fill*         0x00000000080009be        0x2 
 .text          0x00000000080009c0      0x114 /Applications/ARM/bin/../lib/gcc/arm-none-eabi/10.3.1/thumb/v6-m/nofp/libgcc.a(_udivsi3.o)
                0x00000000080009c0                __udivsi3
                0x00000000080009c0                __aeabi_uidiv
                0x0000000008000acc                __aeabi_uidivmod
 .text          0x0000000008000ad4        0x4 /Applications/ARM/bin/../lib/gcc/arm-none-eabi/10.3.1/thumb/v6-m/nofp/libgcc.a(_dvmd_tls.o)
                0x0000000008000ad4                __aeabi_ldiv0
                0x0000000008000ad4                __aeabi_idiv0
 .text.__errno  0x0000000008000ad8        0xc /Applications/ARM/bin/../lib/gcc/arm-none-eabi/10.3.1/../../../../arm-none-eabi/lib/thumb/v6-m/nofp/libg_nano.a(lib_a-errno.o)
                0x0000000008000ad8                __errno
 .text.sprintf  0x0000000008000ae4       0x40 /Applications/ARM/bin/../lib/gcc/arm-none-eabi/10.3.1/../../../../arm-none-eabi/lib/thumb/v6-m/nofp/libg_nano.a(lib_a-sprintf.o)
                0x0000000008000ae4                sprintf
                0x0000000008000ae4                siprintf
 .text._vsnprintf_r
                0x0000000008000b24       0x56 /Applications/ARM/bin/../lib/gcc/arm-none-eabi/10.3.1/../../../../arm-none-eabi/lib/thumb/v6-m/nofp/libg_nano.a(lib_a-vsnprintf.o)
                0x0000000008000b24                _vsnprintf_r
                0x0000000008000b24                _vsniprintf_r
 *fill*         0x0000000008000b7a        0x2 
 .text.vsnprintf
                0x0000000008000b7c       0x18 /Applications/ARM/bin/../lib/gcc/arm-none-eabi/10.3.1/../../../../arm-none-eabi/lib/thumb/v6-m/nofp/libg_nano.a(lib_a-vsnprintf.o)
                0x0000000008000b7c                vsnprintf
                0x0000000008000b7c                vsniprintf
 .text.__ssputs_r
                0x0000000008000b94       0xc4 /Applications/ARM/bin/../lib/gcc/arm-none-eabi/10.3.1/../../../../arm-none-eabi/lib/thumb/v6-m/nofp/libg_nano.a(lib_a-nano-svfprintf.o)
                0x0000000008000b94                __ssputs_r
 .text._svfprintf_r
                0x0000000008000c58      0x200 /Applications/ARM/bin/../lib/gcc/arm-none-eabi/10.3.1/../../../../arm-none-eabi/lib/thumb/v6-m/nofp/libg_nano.a(lib_a-nano-svfprintf.o)
                0x0000000008000c58                _svfprintf_r
                0x0000000008000c58                _svfiprintf_r
 .text._printf_common
                0x0000000008000e58       0xde /Applications/ARM/bin/../lib/gcc/arm-none-eabi/10.3.1/../../../../arm-none-eabi/lib/thumb/v6-m/nofp/libg_nano.a(lib_a-nano-vfprintf_i.o)
                0x0000000008000e58                _printf_common
 *fill*         0x0000000008000f36        0x2 
 .text._printf_i
                0x0000000008000f38      0x224 /Applications/ARM/bin/../lib/gcc/arm-none-eabi/10.3.1/../../../../arm-none-eabi/lib/thumb/v6-m/nofp/libg_nano.a(lib_a-nano-vfprintf_i.o)
                0x0000000008000f38                _printf_i
 .text.memchr   0x000000000800115c       0x16 /Applications/ARM/bin/../lib/gcc/arm-none-eabi/10.3.1/../../../../arm-none-eabi/lib/thumb/v6-m/nofp/libg_nano.a(lib_a-memchr-stub.o)
                0x000000000800115c                memchr
 .text.memcpy   0x0000000008001172       0x12 /Applications/ARM/bin/../lib/gcc/arm-none-eabi/10.3.1/../../../../arm-none-eabi/lib/thumb/v6-m/nofp/libg_nano.a(lib_a-memcpy-stub.o)
                0x0000000008001172                memcpy
 .text.memmove  0x0000000008001184       0x26 /Applications/ARM/bin/../lib/gcc/arm-none-eabi/10.3.1/../../../../arm-none-eabi/lib/thumb/v6-m/nofp/libg_nano.a(lib_a-memmove.o)
                0x0000000008001184                memmove
 *fill*         0x00000000080011aa        0x2 
 .text._free_r  0x00000000080011ac       0x94 /Applications/ARM/bin/../lib/gcc/arm-none-eabi/10.3.1/../../../../arm-none-eabi/lib/thumb/v6-m/nofp/libg_nano.a(lib_a-nano-freer.o)
                0x00000000080011ac                _free_r
 .text.sbrk_aligned
                0x0000000008001240       0x44 /Applications/ARM/bin/../lib/gcc/arm-none-eabi/10.3.1/../../../../arm-none-eabi/lib/thumb/v6-m/nofp/libg_nano.a(lib_a-nano-mallocr.o)
 .text._malloc_r
                0x0000000008001284       0xec /Applications/ARM/bin/../lib/gcc/arm-none-eabi/10.3.1/../../../../arm-none-eabi/lib/thumb/v6-m/nofp/libg_nano.a(lib_a-nano-mallocr.o)
                0x0000000008001284                _malloc_r
 .text._realloc_r
                0x0000000008001370       0x5e /Applications/ARM/bin/../lib/gcc/arm-none-eabi/10.3.1/../../../../arm-none-eabi/lib/thumb/v6-m/nofp/libg_nano.a(lib_a-nano-reallocr.o)
                0x0000000008001370                _realloc_r
 *fill*         0x00000000080013ce        0x2 
 .text._sbrk_r  0x00000000080013d0       0x24 /Applications/ARM/bin/../lib/gcc/arm-none-eabi/10.3.1/../../../../arm-none-eabi/lib/thumb/v6-m/nofp/libg_nano.a(lib_a-sbrkr.o)
                0x00000000080013d0                _sbrk_r
 .text.__malloc_lock
                0x00000000080013f4       0x10 /Applications/ARM/bin/../lib/gcc/arm-none-eabi/10.3.1/../../../../arm-none-eabi/lib/thumb/v6-m/nofp/libg_nano.a(lib_a-mlock.o)
                0x00000000080013f4                __malloc_lock
 .text.__malloc_unlock
                0x0000000008001404       0x10 /Applications/ARM/bin/../lib/gcc/arm-none-eabi/10.3.1/../../../../arm-none-eabi/lib/thumb/v6-m/nofp/libg_nano.a(lib_a-mlock.o)
                0x0000000008001404                __malloc_unlock
 .text._malloc_usable_size_r
                0x0000000008001414       0x10 /Applications/ARM/bin/../lib/gcc/arm-none-eabi/10.3.1/../../../../arm-none-eabi/lib/thumb/v6-m/nofp/libg_nano.a(lib_a-nano-msizer.o)
                0x0000000008001414                _malloc_usable_size_r
 .text.__retarget_lock_acquire_recursive
                0x0000000008001424        0x2 /Applications/ARM/bin/../lib/gcc/arm-none-eabi/10.3.1/../../../../arm-none-eabi/lib/thumb/v6-m/nofp/libg_nano.a(lib_a-lock.o)
                0x0000000008001424                __retarget_lock_acquire_recursive
 .text.__retarget_lock_release_recursive
                0x0000000008001426        0x2 /Applications/ARM/bin/../lib/gcc/arm-none-eabi/10.3.1/../../../../arm-none-eabi/lib/thumb/v6-m/nofp/libg_nano.a(lib_a-lock.o)
                0x0000000008001426                __retarget_lock_release_recursive
 .text          0x0000000008001428       0x14 /Applications/ARM/bin/../lib/gcc/arm-none-eabi/10.3.1/thumb/v6-m/nofp/libgcc.a(_thumb1_case_shi.o)
                0x0000000008001428                __gnu_thumb1_case_shi
 *(.rodata .rodata.* .constdata .constdata.*)
 .rodata.HAL_NVIC_SetPriority.str1.4
                0x000000000800143c       0x31 ./system/src/stm32f0-hal/stm32f0xx_hal_cortex.o
 *fill*         0x000000000800146d        0x3 
 .rodata.dumpExceptionStack.str1.4
                0x0000000008001470       0xae ./system/src/cortexm/exception-handlers.o
 *fill*         0x000000000800151e        0x2 
 .rodata.str1.4
                0x0000000008001520        0xd ./system/src/cortexm/exception-handlers.o
 *fill*         0x000000000800152d        0x3 
 .rodata.AHBPrescTable
                0x0000000008001530       0x10 ./system/src/cmsis/system_stm32f0xx.o
                0x0000000008001530                AHBPrescTable
 .rodata.assert_failed.str1.4
                0x0000000008001540       0x2d ./src/initialize-hardware.o
 *fill*         0x000000000800156d        0x3 
 .rodata.main.str1.4
                0x0000000008001570        0x3 ./src/main.o
 .rodata._svfprintf_r.str1.1
                0x0000000008001573       0x11 /Applications/ARM/bin/../lib/gcc/arm-none-eabi/10.3.1/../../../../arm-none-eabi/lib/thumb/v6-m/nofp/libg_nano.a(lib_a-nano-svfprintf.o)
 .rodata._printf_i.str1.1
                0x0000000008001584       0x22 /Applications/ARM/bin/../lib/gcc/arm-none-eabi/10.3.1/../../../../arm-none-eabi/lib/thumb/v6-m/nofp/libg_nano.a(lib_a-nano-vfprintf_i.o)
 *(vtable)
 *(.eh_frame*)
 *(.glue_7)
 .glue_7        0x00000000080015a6        0x0 linker stubs
 *(.glue_7t)
 .glue_7t       0x00000000080015a6        0x0 linker stubs

.vfp11_veneer   0x00000000080015a8        0x0
 .vfp11_veneer  0x00000000080015a8        0x0 linker stubs

.v4_bx          0x00000000080015a8        0x0
 .v4_bx         0x00000000080015a8        0x0 linker stubs

.iplt           0x00000000080015a8        0x0
 .iplt          0x00000000080015a8        0x0 ./system/src/stm32f0-hal/stm32f0xx_hal.o

.rel.dyn        0x00000000080015a8        0x0
 .rel.iplt      0x00000000080015a8        0x0 ./system/src/stm32f0-hal/stm32f0xx_hal.o

.ARM.extab
 *(.ARM.extab* .gnu.linkonce.armextab.*)
                0x00000000080015a8                . = ALIGN (0x4)
                0x00000000080015a8                __exidx_start = .

.ARM.exidx
 *(.ARM.exidx* .gnu.linkonce.armexidx.*)
                0x00000000080015a8                __exidx_end = .
                0x00000000080015a8                . = ALIGN (0x4)
                0x00000000080015a8                _etext = .
                0x00000000080015a8                __etext = .

.data_CCMRAM    0x0000000000000000        0x0 load address 0x00000000080015a8
 FILL mask 0xff
 *(.data.CCMRAM .data.CCMRAM.*)
                0x0000000000000000                . = ALIGN (0x4)
                0x00000000080015a8                _sidata = LOADADDR (.data)

.data           0x0000000020000000       0x80 load address 0x00000000080015a8
 FILL mask 0xff
                0x0000000020000000                _sdata = .
                0x0000000020000000                __data_start__ = .
 *(.data_begin .data_begin.*)
 .data_begin    0x0000000020000000        0x4 ./system/src/newlib/startup.o
 *(.data .data.*)
 .data.uwTickFreq
                0x0000000020000004        0x1 ./system/src/stm32f0-hal/stm32f0xx_hal.o
                0x0000000020000004                uwTickFreq
 *fill*         0x0000000020000005        0x3 ff
 .data.uwTickPrio
                0x0000000020000008        0x4 ./system/src/stm32f0-hal/stm32f0xx_hal.o
                0x0000000020000008                uwTickPrio
 .data.argv.1   0x000000002000000c        0x8 ./system/src/newlib/syscalls.o
 .data.SystemCoreClock
                0x0000000020000014        0x4 ./system/src/cmsis/system_stm32f0xx.o
                0x0000000020000014                SystemCoreClock
 .data._impure_ptr
                0x0000000020000018        0x4 /Applications/ARM/bin/../lib/gcc/arm-none-eabi/10.3.1/../../../../arm-none-eabi/lib/thumb/v6-m/nofp/libg_nano.a(lib_a-impure.o)
                0x0000000020000018                _impure_ptr
 .data.impure_data
                0x000000002000001c       0x60 /Applications/ARM/bin/../lib/gcc/arm-none-eabi/10.3.1/../../../../arm-none-eabi/lib/thumb/v6-m/nofp/libg_nano.a(lib_a-impure.o)
 *(.data_end .data_end.*)
 .data_end      0x000000002000007c        0x4 ./system/src/newlib/startup.o
                0x0000000020000080                . = ALIGN (0x4)
                0x0000000020000080                _edata = .
                0x0000000020000080                __data_end__ = .

.igot.plt       0x0000000020000080        0x0 load address 0x0000000008001628
 .igot.plt      0x0000000020000080        0x0 ./system/src/stm32f0-hal/stm32f0xx_hal.o

.bss_CCMRAM     0x0000000000000000        0x0
 *(.bss.CCMRAM .bss.CCMRAM.*)

.bss            0x0000000020000080       0xa8
                0x0000000020000080                __bss_start__ = .
                0x0000000020000080                _sbss = .
 *(.bss_begin .bss_begin.*)
 .bss_begin     0x0000000020000080        0x4 ./system/src/newlib/startup.o
 *(.bss .bss.*)
 .bss.current_heap_end.0
                0x0000000020000084        0x4 ./system/src/newlib/sbrk.o
 .bss.errno     0x0000000020000088        0x4 ./system/src/newlib/syscalls.o
                0x0000000020000088                errno
 .bss.name.0    0x000000002000008c        0x1 ./system/src/newlib/syscalls.o
 *fill*         0x000000002000008d        0x3 
 .bss.buf.0     0x0000000020000090       0x80 ./system/src/diag/trace.o
 .bss.my_age    0x0000000020000110        0x6 ./src/main.o
                0x0000000020000110                my_age
 *fill*         0x0000000020000116        0x2 
 .bss.__malloc_free_list
                0x0000000020000118        0x4 /Applications/ARM/bin/../lib/gcc/arm-none-eabi/10.3.1/../../../../arm-none-eabi/lib/thumb/v6-m/nofp/libg_nano.a(lib_a-nano-mallocr.o)
                0x0000000020000118                __malloc_free_list
 .bss.__malloc_sbrk_start
                0x000000002000011c        0x4 /Applications/ARM/bin/../lib/gcc/arm-none-eabi/10.3.1/../../../../arm-none-eabi/lib/thumb/v6-m/nofp/libg_nano.a(lib_a-nano-mallocr.o)
                0x000000002000011c                __malloc_sbrk_start
 .bss.__lock___malloc_recursive_mutex
                0x0000000020000120        0x1 /Applications/ARM/bin/../lib/gcc/arm-none-eabi/10.3.1/../../../../arm-none-eabi/lib/thumb/v6-m/nofp/libg_nano.a(lib_a-lock.o)
                0x0000000020000120                __lock___malloc_recursive_mutex
 *(COMMON)
 *(.bss_end .bss_end.*)
 *fill*         0x0000000020000121        0x3 
 .bss_end       0x0000000020000124        0x4 ./system/src/newlib/startup.o
                0x0000000020000128                . = ALIGN (0x4)
                0x0000000020000128                __bss_end__ = .
                0x0000000020000128                _ebss = .

.noinit_CCMRAM
 *(.noinit.CCMRAM .noinit.CCMRAM.*)

.noinit         0x0000000020000128        0x0
                0x0000000020000128                _noinit = .
 *(.noinit .noinit.*)
                0x0000000020000128                . = ALIGN (0x4)
                0x0000000020000128                _end_noinit = .
                [!provide]                        PROVIDE (end = _end_noinit)
                [!provide]                        PROVIDE (_end = _end_noinit)
                [!provide]                        PROVIDE (__end = _end_noinit)
                [!provide]                        PROVIDE (__end__ = _end_noinit)

._check_stack   0x0000000020000128      0x100
                0x0000000020000228                . = (. + _Minimum_Stack_Size)
 *fill*         0x0000000020000128      0x100 

.b1text
 *(.b1text)
 *(.b1rodata)
 *(.b1rodata.*)

.eb0text
 *(.eb0text)
 *(.eb0rodata)
 *(.eb0rodata.*)

.eb1text
 *(.eb1text)
 *(.eb1rodata)
 *(.eb1rodata.*)

.eb2text
 *(.eb2text)
 *(.eb2rodata)
 *(.eb2rodata.*)

.eb3text
 *(.eb3text)
 *(.eb3rodata)
 *(.eb3rodata.*)

.stab
 *(.stab)

.stabstr
 *(.stabstr)

.stab.excl
 *(.stab.excl)

.stab.exclstr
 *(.stab.exclstr)

.stab.index
 *(.stab.index)

.stab.indexstr
 *(.stab.indexstr)

.comment        0x0000000000000000       0x49
 *(.comment)
 .comment       0x0000000000000000       0x49 ./system/src/stm32f0-hal/stm32f0xx_hal.o
                                         0x4a (size before relaxing)
 .comment       0x0000000000000049       0x4a ./system/src/stm32f0-hal/stm32f0xx_hal_cortex.o
 .comment       0x0000000000000049       0x4a ./system/src/stm32f0-hal/stm32f0xx_hal_rcc.o
 .comment       0x0000000000000049       0x4a ./system/src/newlib/exit.o
 .comment       0x0000000000000049       0x4a ./system/src/newlib/sbrk.o
 .comment       0x0000000000000049       0x4a ./system/src/newlib/startup.o
 .comment       0x0000000000000049       0x4a ./system/src/newlib/syscalls.o
 .comment       0x0000000000000049       0x4a ./system/src/diag/trace-impl.o
 .comment       0x0000000000000049       0x4a ./system/src/diag/trace.o
 .comment       0x0000000000000049       0x4a ./system/src/cortexm/exception-handlers.o
 .comment       0x0000000000000049       0x4a ./system/src/cortexm/initialize-hardware.o
 .comment       0x0000000000000049       0x4a ./system/src/cmsis/system_stm32f0xx.o
 .comment       0x0000000000000049       0x4a ./system/src/cmsis/vectors_stm32f051x8.o
 .comment       0x0000000000000049       0x4a ./src/initialize-hardware.o
 .comment       0x0000000000000049       0x4a ./src/lcd_stm32f0.o
 .comment       0x0000000000000049       0x4a ./src/main.o
 .comment       0x0000000000000049       0x4a ./src/stm32f0xx_hal_msp.o

.ARM.attributes
                0x0000000000000000       0x2a
 .ARM.attributes
                0x0000000000000000       0x2c ./system/src/stm32f0-hal/stm32f0xx_hal.o
 .ARM.attributes
                0x000000000000002c       0x2c ./system/src/stm32f0-hal/stm32f0xx_hal_cortex.o
 .ARM.attributes
                0x0000000000000058       0x2c ./system/src/stm32f0-hal/stm32f0xx_hal_rcc.o
 .ARM.attributes
                0x0000000000000084       0x2c ./system/src/newlib/exit.o
 .ARM.attributes
                0x00000000000000b0       0x2c ./system/src/newlib/sbrk.o
 .ARM.attributes
                0x00000000000000dc       0x2c ./system/src/newlib/startup.o
 .ARM.attributes
                0x0000000000000108       0x2c ./system/src/newlib/syscalls.o
 .ARM.attributes
                0x0000000000000134       0x2c ./system/src/diag/trace-impl.o
 .ARM.attributes
                0x0000000000000160       0x2c ./system/src/diag/trace.o
 .ARM.attributes
                0x000000000000018c       0x2c ./system/src/cortexm/exception-handlers.o
 .ARM.attributes
                0x00000000000001b8       0x2c ./system/src/cortexm/initialize-hardware.o
 .ARM.attributes
                0x00000000000001e4       0x2c ./system/src/cmsis/system_stm32f0xx.o
 .ARM.attributes
                0x0000000000000210       0x2c ./system/src/cmsis/vectors_stm32f051x8.o
 .ARM.attributes
                0x000000000000023c       0x2c ./src/initialize-hardware.o
 .ARM.attributes
                0x0000000000000268       0x2c ./src/lcd_stm32f0.o
 .ARM.attributes
                0x0000000000000294       0x2c ./src/main.o
 .ARM.attributes
                0x00000000000002c0       0x2c ./src/stm32f0xx_hal_msp.o
 .ARM.attributes
                0x00000000000002ec       0x1e /Applications/ARM/bin/../lib/gcc/arm-none-eabi/10.3.1/thumb/v6-m/nofp/libgcc.a(_udivsi3.o)
 .ARM.attributes
                0x000000000000030a       0x1e /Applications/ARM/bin/../lib/gcc/arm-none-eabi/10.3.1/thumb/v6-m/nofp/libgcc.a(_dvmd_tls.o)
 .ARM.attributes
                0x0000000000000328       0x2c /Applications/ARM/bin/../lib/gcc/arm-none-eabi/10.3.1/../../../../arm-none-eabi/lib/thumb/v6-m/nofp/libg_nano.a(lib_a-errno.o)
 .ARM.attributes
                0x0000000000000354       0x2c /Applications/ARM/bin/../lib/gcc/arm-none-eabi/10.3.1/../../../../arm-none-eabi/lib/thumb/v6-m/nofp/libg_nano.a(lib_a-impure.o)
 .ARM.attributes
                0x0000000000000380       0x2c /Applications/ARM/bin/../lib/gcc/arm-none-eabi/10.3.1/../../../../arm-none-eabi/lib/thumb/v6-m/nofp/libg_nano.a(lib_a-sprintf.o)
 .ARM.attributes
                0x00000000000003ac       0x2c /Applications/ARM/bin/../lib/gcc/arm-none-eabi/10.3.1/../../../../arm-none-eabi/lib/thumb/v6-m/nofp/libg_nano.a(lib_a-vsnprintf.o)
 .ARM.attributes
                0x00000000000003d8       0x2c /Applications/ARM/bin/../lib/gcc/arm-none-eabi/10.3.1/../../../../arm-none-eabi/lib/thumb/v6-m/nofp/libg_nano.a(lib_a-nano-svfprintf.o)
 .ARM.attributes
                0x0000000000000404       0x2c /Applications/ARM/bin/../lib/gcc/arm-none-eabi/10.3.1/../../../../arm-none-eabi/lib/thumb/v6-m/nofp/libg_nano.a(lib_a-nano-vfprintf_i.o)
 .ARM.attributes
                0x0000000000000430       0x2c /Applications/ARM/bin/../lib/gcc/arm-none-eabi/10.3.1/../../../../arm-none-eabi/lib/thumb/v6-m/nofp/libg_nano.a(lib_a-memchr-stub.o)
 .ARM.attributes
                0x000000000000045c       0x2c /Applications/ARM/bin/../lib/gcc/arm-none-eabi/10.3.1/../../../../arm-none-eabi/lib/thumb/v6-m/nofp/libg_nano.a(lib_a-memcpy-stub.o)
 .ARM.attributes
                0x0000000000000488       0x2c /Applications/ARM/bin/../lib/gcc/arm-none-eabi/10.3.1/../../../../arm-none-eabi/lib/thumb/v6-m/nofp/libg_nano.a(lib_a-memmove.o)
 .ARM.attributes
                0x00000000000004b4       0x2c /Applications/ARM/bin/../lib/gcc/arm-none-eabi/10.3.1/../../../../arm-none-eabi/lib/thumb/v6-m/nofp/libg_nano.a(lib_a-nano-freer.o)
 .ARM.attributes
                0x00000000000004e0       0x2c /Applications/ARM/bin/../lib/gcc/arm-none-eabi/10.3.1/../../../../arm-none-eabi/lib/thumb/v6-m/nofp/libg_nano.a(lib_a-nano-mallocr.o)
 .ARM.attributes
                0x000000000000050c       0x2c /Applications/ARM/bin/../lib/gcc/arm-none-eabi/10.3.1/../../../../arm-none-eabi/lib/thumb/v6-m/nofp/libg_nano.a(lib_a-nano-reallocr.o)
 .ARM.attributes
                0x0000000000000538       0x2c /Applications/ARM/bin/../lib/gcc/arm-none-eabi/10.3.1/../../../../arm-none-eabi/lib/thumb/v6-m/nofp/libg_nano.a(lib_a-sbrkr.o)
 .ARM.attributes
                0x0000000000000564       0x2c /Applications/ARM/bin/../lib/gcc/arm-none-eabi/10.3.1/../../../../arm-none-eabi/lib/thumb/v6-m/nofp/libg_nano.a(lib_a-mlock.o)
 .ARM.attributes
                0x0000000000000590       0x2c /Applications/ARM/bin/../lib/gcc/arm-none-eabi/10.3.1/../../../../arm-none-eabi/lib/thumb/v6-m/nofp/libg_nano.a(lib_a-nano-msizer.o)
 .ARM.attributes
                0x00000000000005bc       0x2c /Applications/ARM/bin/../lib/gcc/arm-none-eabi/10.3.1/../../../../arm-none-eabi/lib/thumb/v6-m/nofp/libg_nano.a(lib_a-lock.o)
 .ARM.attributes
                0x00000000000005e8       0x1e /Applications/ARM/bin/../lib/gcc/arm-none-eabi/10.3.1/thumb/v6-m/nofp/libgcc.a(_thumb1_case_shi.o)

.debug
 *(.debug)

.line
 *(.line)

.debug_srcinfo
 *(.debug_srcinfo)

.debug_sfnames
 *(.debug_sfnames)

.debug_aranges  0x0000000000000000      0x480
 *(.debug_aranges)
 .debug_aranges
                0x0000000000000000       0xd0 ./system/src/stm32f0-hal/stm32f0xx_hal.o
 .debug_aranges
                0x00000000000000d0       0x78 ./system/src/stm32f0-hal/stm32f0xx_hal_cortex.o
 .debug_aranges
                0x0000000000000148       0x80 ./system/src/stm32f0-hal/stm32f0xx_hal_rcc.o
 .debug_aranges
                0x00000000000001c8       0x28 ./system/src/newlib/exit.o
 .debug_aranges
                0x00000000000001f0       0x20 ./system/src/newlib/sbrk.o
 .debug_aranges
                0x0000000000000210       0x40 ./system/src/newlib/startup.o
 .debug_aranges
                0x0000000000000250       0x30 ./system/src/newlib/syscalls.o
 .debug_aranges
                0x0000000000000280       0x30 ./system/src/diag/trace-impl.o
 .debug_aranges
                0x00000000000002b0       0x38 ./system/src/diag/trace.o
 .debug_aranges
                0x00000000000002e8       0x58 ./system/src/cortexm/exception-handlers.o
 .debug_aranges
                0x0000000000000340       0x28 ./system/src/cortexm/initialize-hardware.o
 .debug_aranges
                0x0000000000000368       0x28 ./system/src/cmsis/system_stm32f0xx.o
 .debug_aranges
                0x0000000000000390       0x20 ./system/src/cmsis/vectors_stm32f051x8.o
 .debug_aranges
                0x00000000000003b0       0x30 ./src/initialize-hardware.o
 .debug_aranges
                0x00000000000003e0       0x48 ./src/lcd_stm32f0.o
 .debug_aranges
                0x0000000000000428       0x20 ./src/main.o
 .debug_aranges
                0x0000000000000448       0x38 ./src/stm32f0xx_hal_msp.o

.debug_pubnames
 *(.debug_pubnames)

.debug_info     0x0000000000000000     0x3cae
 *(.debug_info .gnu.linkonce.wi.*)
 .debug_info    0x0000000000000000      0x789 ./system/src/stm32f0-hal/stm32f0xx_hal.o
 .debug_info    0x0000000000000789      0x927 ./system/src/stm32f0-hal/stm32f0xx_hal_cortex.o
 .debug_info    0x00000000000010b0      0xd14 ./system/src/stm32f0-hal/stm32f0xx_hal_rcc.o
 .debug_info    0x0000000000001dc4       0xf2 ./system/src/newlib/exit.o
 .debug_info    0x0000000000001eb6      0x112 ./system/src/newlib/sbrk.o
 .debug_info    0x0000000000001fc8      0x4ae ./system/src/newlib/startup.o
 .debug_info    0x0000000000002476      0x1d5 ./system/src/newlib/syscalls.o
 .debug_info    0x000000000000264b      0x320 ./system/src/diag/trace-impl.o
 .debug_info    0x000000000000296b      0x30b ./system/src/diag/trace.o
 .debug_info    0x0000000000002c76      0x349 ./system/src/cortexm/exception-handlers.o
 .debug_info    0x0000000000002fbf       0xcf ./system/src/cortexm/initialize-hardware.o
 .debug_info    0x000000000000308e      0x277 ./system/src/cmsis/system_stm32f0xx.o
 .debug_info    0x0000000000003305       0xcd ./system/src/cmsis/vectors_stm32f051x8.o
 .debug_info    0x00000000000033d2      0x1c2 ./src/initialize-hardware.o
 .debug_info    0x0000000000003594      0x44a ./src/lcd_stm32f0.o
 .debug_info    0x00000000000039de      0x211 ./src/main.o
 .debug_info    0x0000000000003bef       0xbf ./src/stm32f0xx_hal_msp.o

.debug_abbrev   0x0000000000000000     0x16e3
 *(.debug_abbrev)
 .debug_abbrev  0x0000000000000000      0x25b ./system/src/stm32f0-hal/stm32f0xx_hal.o
 .debug_abbrev  0x000000000000025b      0x2f7 ./system/src/stm32f0-hal/stm32f0xx_hal_cortex.o
 .debug_abbrev  0x0000000000000552      0x272 ./system/src/stm32f0-hal/stm32f0xx_hal_rcc.o
 .debug_abbrev  0x00000000000007c4       0x97 ./system/src/newlib/exit.o
 .debug_abbrev  0x000000000000085b       0xcd ./system/src/newlib/sbrk.o
 .debug_abbrev  0x0000000000000928      0x1b1 ./system/src/newlib/startup.o
 .debug_abbrev  0x0000000000000ad9      0x10e ./system/src/newlib/syscalls.o
 .debug_abbrev  0x0000000000000be7      0x1eb ./system/src/diag/trace-impl.o
 .debug_abbrev  0x0000000000000dd2      0x173 ./system/src/diag/trace.o
 .debug_abbrev  0x0000000000000f45      0x182 ./system/src/cortexm/exception-handlers.o
 .debug_abbrev  0x00000000000010c7       0x67 ./system/src/cortexm/initialize-hardware.o
 .debug_abbrev  0x000000000000112e      0x134 ./system/src/cmsis/system_stm32f0xx.o
 .debug_abbrev  0x0000000000001262       0xa5 ./system/src/cmsis/vectors_stm32f051x8.o
 .debug_abbrev  0x0000000000001307       0xca ./src/initialize-hardware.o
 .debug_abbrev  0x00000000000013d1      0x186 ./src/lcd_stm32f0.o
 .debug_abbrev  0x0000000000001557      0x145 ./src/main.o
 .debug_abbrev  0x000000000000169c       0x47 ./src/stm32f0xx_hal_msp.o

.debug_line     0x0000000000000000     0x75e4
 *(.debug_line)
 .debug_line    0x0000000000000000      0x90d ./system/src/stm32f0-hal/stm32f0xx_hal.o
 .debug_line    0x000000000000090d      0x9e4 ./system/src/stm32f0-hal/stm32f0xx_hal_cortex.o
 .debug_line    0x00000000000012f1     0x10e9 ./system/src/stm32f0-hal/stm32f0xx_hal_rcc.o
 .debug_line    0x00000000000023da      0x2d9 ./system/src/newlib/exit.o
 .debug_line    0x00000000000026b3      0x2c4 ./system/src/newlib/sbrk.o
 .debug_line    0x0000000000002977      0x541 ./system/src/newlib/startup.o
 .debug_line    0x0000000000002eb8      0x3b5 ./system/src/newlib/syscalls.o
 .debug_line    0x000000000000326d      0x8f1 ./system/src/diag/trace-impl.o
 .debug_line    0x0000000000003b5e      0x3c5 ./system/src/diag/trace.o
 .debug_line    0x0000000000003f23      0x954 ./system/src/cortexm/exception-handlers.o
 .debug_line    0x0000000000004877      0x633 ./system/src/cortexm/initialize-hardware.o
 .debug_line    0x0000000000004eaa      0x6b0 ./system/src/cmsis/system_stm32f0xx.o
 .debug_line    0x000000000000555a       0xf5 ./system/src/cmsis/vectors_stm32f051x8.o
 .debug_line    0x000000000000564f      0x830 ./src/initialize-hardware.o
 .debug_line    0x0000000000005e7f      0x8ee ./src/lcd_stm32f0.o
 .debug_line    0x000000000000676d      0x84f ./src/main.o
 .debug_line    0x0000000000006fbc      0x628 ./src/stm32f0xx_hal_msp.o

.debug_frame    0x0000000000000000      0xcc4
 *(.debug_frame)
 .debug_frame   0x0000000000000000      0x1b0 ./system/src/stm32f0-hal/stm32f0xx_hal.o
 .debug_frame   0x00000000000001b0      0x114 ./system/src/stm32f0-hal/stm32f0xx_hal_cortex.o
 .debug_frame   0x00000000000002c4      0x144 ./system/src/stm32f0-hal/stm32f0xx_hal_rcc.o
 .debug_frame   0x0000000000000408       0x38 ./system/src/newlib/exit.o
 .debug_frame   0x0000000000000440       0x28 ./system/src/newlib/sbrk.o
 .debug_frame   0x0000000000000468       0x80 ./system/src/newlib/startup.o
 .debug_frame   0x00000000000004e8       0x50 ./system/src/newlib/syscalls.o
 .debug_frame   0x0000000000000538       0x60 ./system/src/diag/trace-impl.o
 .debug_frame   0x0000000000000598       0x78 ./system/src/diag/trace.o
 .debug_frame   0x0000000000000610       0xb0 ./system/src/cortexm/exception-handlers.o
 .debug_frame   0x00000000000006c0       0x40 ./system/src/cortexm/initialize-hardware.o
 .debug_frame   0x0000000000000700       0x38 ./system/src/cmsis/system_stm32f0xx.o
 .debug_frame   0x0000000000000738       0x20 ./system/src/cmsis/vectors_stm32f051x8.o
 .debug_frame   0x0000000000000758       0x58 ./src/initialize-hardware.o
 .debug_frame   0x00000000000007b0       0xa4 ./src/lcd_stm32f0.o
 .debug_frame   0x0000000000000854       0x2c ./src/main.o
 .debug_frame   0x0000000000000880       0x50 ./src/stm32f0xx_hal_msp.o
 .debug_frame   0x00000000000008d0       0x20 /Applications/ARM/bin/../lib/gcc/arm-none-eabi/10.3.1/thumb/v6-m/nofp/libgcc.a(_udivsi3.o)
 .debug_frame   0x00000000000008f0       0x20 /Applications/ARM/bin/../lib/gcc/arm-none-eabi/10.3.1/../../../../arm-none-eabi/lib/thumb/v6-m/nofp/libg_nano.a(lib_a-errno.o)
 .debug_frame   0x0000000000000910       0x48 /Applications/ARM/bin/../lib/gcc/arm-none-eabi/10.3.1/../../../../arm-none-eabi/lib/thumb/v6-m/nofp/libg_nano.a(lib_a-sprintf.o)
 .debug_frame   0x0000000000000958       0x48 /Applications/ARM/bin/../lib/gcc/arm-none-eabi/10.3.1/../../../../arm-none-eabi/lib/thumb/v6-m/nofp/libg_nano.a(lib_a-vsnprintf.o)
 .debug_frame   0x00000000000009a0       0x74 /Applications/ARM/bin/../lib/gcc/arm-none-eabi/10.3.1/../../../../arm-none-eabi/lib/thumb/v6-m/nofp/libg_nano.a(lib_a-nano-svfprintf.o)
 .debug_frame   0x0000000000000a14       0x54 /Applications/ARM/bin/../lib/gcc/arm-none-eabi/10.3.1/../../../../arm-none-eabi/lib/thumb/v6-m/nofp/libg_nano.a(lib_a-nano-vfprintf_i.o)
 .debug_frame   0x0000000000000a68       0x20 /Applications/ARM/bin/../lib/gcc/arm-none-eabi/10.3.1/../../../../arm-none-eabi/lib/thumb/v6-m/nofp/libg_nano.a(lib_a-memchr-stub.o)
 .debug_frame   0x0000000000000a88       0x28 /Applications/ARM/bin/../lib/gcc/arm-none-eabi/10.3.1/../../../../arm-none-eabi/lib/thumb/v6-m/nofp/libg_nano.a(lib_a-memcpy-stub.o)
 .debug_frame   0x0000000000000ab0       0x28 /Applications/ARM/bin/../lib/gcc/arm-none-eabi/10.3.1/../../../../arm-none-eabi/lib/thumb/v6-m/nofp/libg_nano.a(lib_a-memmove.o)
 .debug_frame   0x0000000000000ad8       0x2c /Applications/ARM/bin/../lib/gcc/arm-none-eabi/10.3.1/../../../../arm-none-eabi/lib/thumb/v6-m/nofp/libg_nano.a(lib_a-nano-freer.o)
 .debug_frame   0x0000000000000b04       0x50 /Applications/ARM/bin/../lib/gcc/arm-none-eabi/10.3.1/../../../../arm-none-eabi/lib/thumb/v6-m/nofp/libg_nano.a(lib_a-nano-mallocr.o)
 .debug_frame   0x0000000000000b54       0x34 /Applications/ARM/bin/../lib/gcc/arm-none-eabi/10.3.1/../../../../arm-none-eabi/lib/thumb/v6-m/nofp/libg_nano.a(lib_a-nano-reallocr.o)
 .debug_frame   0x0000000000000b88       0x2c /Applications/ARM/bin/../lib/gcc/arm-none-eabi/10.3.1/../../../../arm-none-eabi/lib/thumb/v6-m/nofp/libg_nano.a(lib_a-sbrkr.o)
 .debug_frame   0x0000000000000bb4       0x40 /Applications/ARM/bin/../lib/gcc/arm-none-eabi/10.3.1/../../../../arm-none-eabi/lib/thumb/v6-m/nofp/libg_nano.a(lib_a-mlock.o)
 .debug_frame   0x0000000000000bf4       0x20 /Applications/ARM/bin/../lib/gcc/arm-none-eabi/10.3.1/../../../../arm-none-eabi/lib/thumb/v6-m/nofp/libg_nano.a(lib_a-nano-msizer.o)
 .debug_frame   0x0000000000000c14       0xb0 /Applications/ARM/bin/../lib/gcc/arm-none-eabi/10.3.1/../../../../arm-none-eabi/lib/thumb/v6-m/nofp/libg_nano.a(lib_a-lock.o)

.debug_str      0x0000000000000000    0x72cff
 *(.debug_str)
 .debug_str     0x0000000000000000    0x6b2b2 ./system/src/stm32f0-hal/stm32f0xx_hal.o
                                      0x6b54f (size before relaxing)
 .debug_str     0x000000000006b2b2      0x1e4 ./system/src/stm32f0-hal/stm32f0xx_hal_cortex.o
                                      0x6b336 (size before relaxing)
 .debug_str     0x000000000006b496      0x3f3 ./system/src/stm32f0-hal/stm32f0xx_hal_rcc.o
                                      0x6b3ae (size before relaxing)
 .debug_str     0x000000000006b889     0x4695 ./system/src/newlib/exit.o
                                       0x770b (size before relaxing)
 .debug_str     0x000000000006ff1e      0x4dd ./system/src/newlib/sbrk.o
                                       0x6aec (size before relaxing)
 .debug_str     0x00000000000703fb      0x265 ./system/src/newlib/startup.o
                                       0x62f2 (size before relaxing)
 .debug_str     0x0000000000070660     0x1504 ./system/src/newlib/syscalls.o
                                       0x8039 (size before relaxing)
 .debug_str     0x0000000000071b64      0x38d ./system/src/diag/trace-impl.o
                                      0x6e816 (size before relaxing)
 .debug_str     0x0000000000071ef1      0x81a ./system/src/diag/trace.o
                                       0x7e92 (size before relaxing)
 .debug_str     0x000000000007270b      0x109 ./system/src/cortexm/exception-handlers.o
                                      0x6f626 (size before relaxing)
 .debug_str     0x0000000000072814       0x4d ./system/src/cortexm/initialize-hardware.o
                                      0x6af1f (size before relaxing)
 .debug_str     0x0000000000072861       0x46 ./system/src/cmsis/system_stm32f0xx.o
                                      0x6af8c (size before relaxing)
 .debug_str     0x00000000000728a7       0x59 ./system/src/cmsis/vectors_stm32f051x8.o
                                       0x37ac (size before relaxing)
 .debug_str     0x0000000000072900       0x35 ./src/initialize-hardware.o
                                      0x6e566 (size before relaxing)
 .debug_str     0x0000000000072935      0x351 ./src/lcd_stm32f0.o
                                      0x6b279 (size before relaxing)
 .debug_str     0x0000000000072c86       0x3c ./src/main.o
                                      0x6ee9d (size before relaxing)
 .debug_str     0x0000000000072cc2       0x3d ./src/stm32f0xx_hal_msp.o
                                      0x6aede (size before relaxing)

.debug_loc      0x0000000000000000     0x1745
 *(.debug_loc)
 .debug_loc     0x0000000000000000      0x130 ./system/src/stm32f0-hal/stm32f0xx_hal.o
 .debug_loc     0x0000000000000130      0x49d ./system/src/stm32f0-hal/stm32f0xx_hal_cortex.o
 .debug_loc     0x00000000000005cd      0x6fa ./system/src/stm32f0-hal/stm32f0xx_hal_rcc.o
 .debug_loc     0x0000000000000cc7       0x15 ./system/src/newlib/exit.o
 .debug_loc     0x0000000000000cdc       0xad ./system/src/newlib/sbrk.o
 .debug_loc     0x0000000000000d89      0x2de ./system/src/newlib/startup.o
 .debug_loc     0x0000000000001067       0x6f ./system/src/newlib/syscalls.o
 .debug_loc     0x00000000000010d6      0x19f ./system/src/diag/trace-impl.o
 .debug_loc     0x0000000000001275      0x118 ./system/src/diag/trace.o
 .debug_loc     0x000000000000138d       0xa8 ./system/src/cortexm/exception-handlers.o
 .debug_loc     0x0000000000001435      0x167 ./system/src/cmsis/system_stm32f0xx.o
 .debug_loc     0x000000000000159c       0x64 ./src/initialize-hardware.o
 .debug_loc     0x0000000000001600      0x115 ./src/lcd_stm32f0.o
 .debug_loc     0x0000000000001715       0x30 ./src/main.o

.debug_macinfo
 *(.debug_macinfo)

.debug_weaknames
 *(.debug_weaknames)

.debug_funcnames
 *(.debug_funcnames)

.debug_typenames
 *(.debug_typenames)

.debug_varnames
 *(.debug_varnames)
OUTPUT(MEC4126F_Prac3_ADXVIC002.elf elf32-littlearm)
LOAD linker stubs

.debug_ranges   0x0000000000000000      0x400
 .debug_ranges  0x0000000000000000       0xc0 ./system/src/stm32f0-hal/stm32f0xx_hal.o
 .debug_ranges  0x00000000000000c0       0xc8 ./system/src/stm32f0-hal/stm32f0xx_hal_cortex.o
 .debug_ranges  0x0000000000000188       0x88 ./system/src/stm32f0-hal/stm32f0xx_hal_rcc.o
 .debug_ranges  0x0000000000000210       0x18 ./system/src/newlib/exit.o
 .debug_ranges  0x0000000000000228       0x10 ./system/src/newlib/sbrk.o
 .debug_ranges  0x0000000000000238       0x30 ./system/src/newlib/startup.o
 .debug_ranges  0x0000000000000268       0x20 ./system/src/newlib/syscalls.o
 .debug_ranges  0x0000000000000288       0x38 ./system/src/diag/trace-impl.o
 .debug_ranges  0x00000000000002c0       0x28 ./system/src/diag/trace.o
 .debug_ranges  0x00000000000002e8       0x48 ./system/src/cortexm/exception-handlers.o
 .debug_ranges  0x0000000000000330       0x18 ./system/src/cortexm/initialize-hardware.o
 .debug_ranges  0x0000000000000348       0x18 ./system/src/cmsis/system_stm32f0xx.o
 .debug_ranges  0x0000000000000360       0x10 ./system/src/cmsis/vectors_stm32f051x8.o
 .debug_ranges  0x0000000000000370       0x20 ./src/initialize-hardware.o
 .debug_ranges  0x0000000000000390       0x38 ./src/lcd_stm32f0.o
 .debug_ranges  0x00000000000003c8       0x10 ./src/main.o
 .debug_ranges  0x00000000000003d8       0x28 ./src/stm32f0xx_hal_msp.o

.debug_macro    0x0000000000000000    0x12c15
 .debug_macro   0x0000000000000000      0x2aa ./system/src/stm32f0-hal/stm32f0xx_hal.o
 .debug_macro   0x00000000000002aa      0xa60 ./system/src/stm32f0-hal/stm32f0xx_hal.o
 .debug_macro   0x0000000000000d0a      0x193 ./system/src/stm32f0-hal/stm32f0xx_hal.o
 .debug_macro   0x0000000000000e9d       0x2e ./system/src/stm32f0-hal/stm32f0xx_hal.o
 .debug_macro   0x0000000000000ecb       0x22 ./system/src/stm32f0-hal/stm32f0xx_hal.o
 .debug_macro   0x0000000000000eed      0x34e ./system/src/stm32f0-hal/stm32f0xx_hal.o
 .debug_macro   0x000000000000123b       0x1c ./system/src/stm32f0-hal/stm32f0xx_hal.o
 .debug_macro   0x0000000000001257       0x22 ./system/src/stm32f0-hal/stm32f0xx_hal.o
 .debug_macro   0x0000000000001279       0xaf ./system/src/stm32f0-hal/stm32f0xx_hal.o
 .debug_macro   0x0000000000001328      0x391 ./system/src/stm32f0-hal/stm32f0xx_hal.o
 .debug_macro   0x00000000000016b9     0x8cdd ./system/src/stm32f0-hal/stm32f0xx_hal.o
 .debug_macro   0x000000000000a396       0x3c ./system/src/stm32f0-hal/stm32f0xx_hal.o
 .debug_macro   0x000000000000a3d2      0x174 ./system/src/stm32f0-hal/stm32f0xx_hal.o
 .debug_macro   0x000000000000a546       0x54 ./system/src/stm32f0-hal/stm32f0xx_hal.o
 .debug_macro   0x000000000000a59a      0x924 ./system/src/stm32f0-hal/stm32f0xx_hal.o
 .debug_macro   0x000000000000aebe      0x251 ./system/src/stm32f0-hal/stm32f0xx_hal.o
 .debug_macro   0x000000000000b10f      0x12f ./system/src/stm32f0-hal/stm32f0xx_hal.o
 .debug_macro   0x000000000000b23e      0x114 ./system/src/stm32f0-hal/stm32f0xx_hal.o
 .debug_macro   0x000000000000b352      0x1a0 ./system/src/stm32f0-hal/stm32f0xx_hal.o
 .debug_macro   0x000000000000b4f2      0x1ed ./system/src/stm32f0-hal/stm32f0xx_hal.o
 .debug_macro   0x000000000000b6df       0x34 ./system/src/stm32f0-hal/stm32f0xx_hal.o
 .debug_macro   0x000000000000b713       0x43 ./system/src/stm32f0-hal/stm32f0xx_hal.o
 .debug_macro   0x000000000000b756       0x28 ./system/src/stm32f0-hal/stm32f0xx_hal.o
 .debug_macro   0x000000000000b77e      0x33d ./system/src/stm32f0-hal/stm32f0xx_hal.o
 .debug_macro   0x000000000000babb       0xd4 ./system/src/stm32f0-hal/stm32f0xx_hal.o
 .debug_macro   0x000000000000bb8f      0x313 ./system/src/stm32f0-hal/stm32f0xx_hal.o
 .debug_macro   0x000000000000bea2      0x28d ./system/src/stm32f0-hal/stm32f0xx_hal.o
 .debug_macro   0x000000000000c12f       0x7a ./system/src/stm32f0-hal/stm32f0xx_hal.o
 .debug_macro   0x000000000000c1a9       0x4c ./system/src/stm32f0-hal/stm32f0xx_hal.o
 .debug_macro   0x000000000000c1f5       0xd5 ./system/src/stm32f0-hal/stm32f0xx_hal.o
 .debug_macro   0x000000000000c2ca       0xd9 ./system/src/stm32f0-hal/stm32f0xx_hal.o
 .debug_macro   0x000000000000c3a3       0xb0 ./system/src/stm32f0-hal/stm32f0xx_hal.o
 .debug_macro   0x000000000000c453      0x199 ./system/src/stm32f0-hal/stm32f0xx_hal.o
 .debug_macro   0x000000000000c5ec      0x22c ./system/src/stm32f0-hal/stm32f0xx_hal.o
 .debug_macro   0x000000000000c818       0x60 ./system/src/stm32f0-hal/stm32f0xx_hal.o
 .debug_macro   0x000000000000c878       0xa5 ./system/src/stm32f0-hal/stm32f0xx_hal.o
 .debug_macro   0x000000000000c91d      0x1b5 ./system/src/stm32f0-hal/stm32f0xx_hal.o
 .debug_macro   0x000000000000cad2      0x2b8 ./system/src/stm32f0-hal/stm32f0xx_hal.o
 .debug_macro   0x000000000000cd8a       0x2a ./system/src/stm32f0-hal/stm32f0xx_hal.o
 .debug_macro   0x000000000000cdb4       0x85 ./system/src/stm32f0-hal/stm32f0xx_hal.o
 .debug_macro   0x000000000000ce39       0x4c ./system/src/stm32f0-hal/stm32f0xx_hal.o
 .debug_macro   0x000000000000ce85      0x112 ./system/src/stm32f0-hal/stm32f0xx_hal.o
 .debug_macro   0x000000000000cf97      0x2e2 ./system/src/stm32f0-hal/stm32f0xx_hal.o
 .debug_macro   0x000000000000d279      0x2ca ./system/src/stm32f0-hal/stm32f0xx_hal.o
 .debug_macro   0x000000000000d543       0xdd ./system/src/stm32f0-hal/stm32f0xx_hal.o
 .debug_macro   0x000000000000d620      0x2b8 ./system/src/stm32f0-hal/stm32f0xx_hal.o
 .debug_macro   0x000000000000d8d8      0x124 ./system/src/stm32f0-hal/stm32f0xx_hal.o
 .debug_macro   0x000000000000d9fc      0x35a ./system/src/stm32f0-hal/stm32f0xx_hal.o
 .debug_macro   0x000000000000dd56      0x305 ./system/src/stm32f0-hal/stm32f0xx_hal.o
 .debug_macro   0x000000000000e05b      0x8ae ./system/src/stm32f0-hal/stm32f0xx_hal.o
 .debug_macro   0x000000000000e909       0x28 ./system/src/stm32f0-hal/stm32f0xx_hal.o
 .debug_macro   0x000000000000e931      0x3d0 ./system/src/stm32f0-hal/stm32f0xx_hal.o
 .debug_macro   0x000000000000ed01      0x589 ./system/src/stm32f0-hal/stm32f0xx_hal.o
 .debug_macro   0x000000000000f28a       0x3e ./system/src/stm32f0-hal/stm32f0xx_hal.o
 .debug_macro   0x000000000000f2c8      0x279 ./system/src/stm32f0-hal/stm32f0xx_hal.o
 .debug_macro   0x000000000000f541       0x2a ./system/src/stm32f0-hal/stm32f0xx_hal.o
 .debug_macro   0x000000000000f56b       0x8d ./system/src/stm32f0-hal/stm32f0xx_hal.o
 .debug_macro   0x000000000000f5f8      0x114 ./system/src/stm32f0-hal/stm32f0xx_hal.o
 .debug_macro   0x000000000000f70c      0x286 ./system/src/stm32f0-hal/stm32f0xx_hal_cortex.o
 .debug_macro   0x000000000000f992      0x298 ./system/src/stm32f0-hal/stm32f0xx_hal_rcc.o
 .debug_macro   0x000000000000fc2a      0x1ae ./system/src/newlib/exit.o
 .debug_macro   0x000000000000fdd8      0x163 ./system/src/newlib/sbrk.o
 .debug_macro   0x000000000000ff3b       0x10 ./system/src/newlib/sbrk.o
 .debug_macro   0x000000000000ff4b      0x23b ./system/src/newlib/sbrk.o
 .debug_macro   0x0000000000010186      0x15f ./system/src/newlib/startup.o
 .debug_macro   0x00000000000102e5      0x220 ./system/src/newlib/syscalls.o
 .debug_macro   0x0000000000010505       0x1c ./system/src/newlib/syscalls.o
 .debug_macro   0x0000000000010521       0x10 ./system/src/newlib/syscalls.o
 .debug_macro   0x0000000000010531       0x10 ./system/src/newlib/syscalls.o
 .debug_macro   0x0000000000010541       0x10 ./system/src/newlib/syscalls.o
 .debug_macro   0x0000000000010551       0x35 ./system/src/newlib/syscalls.o
 .debug_macro   0x0000000000010586      0x12c ./system/src/newlib/syscalls.o
 .debug_macro   0x00000000000106b2       0xce ./system/src/newlib/syscalls.o
 .debug_macro   0x0000000000010780       0x7c ./system/src/newlib/syscalls.o
 .debug_macro   0x00000000000107fc       0x17 ./system/src/newlib/syscalls.o
 .debug_macro   0x0000000000010813      0x118 ./system/src/newlib/syscalls.o
 .debug_macro   0x000000000001092b      0x189 ./system/src/newlib/syscalls.o
 .debug_macro   0x0000000000010ab4       0x16 ./system/src/newlib/syscalls.o
 .debug_macro   0x0000000000010aca      0x3e6 ./system/src/diag/trace-impl.o
 .debug_macro   0x0000000000010eb0       0x10 ./system/src/diag/trace-impl.o
 .debug_macro   0x0000000000010ec0       0x22 ./system/src/diag/trace-impl.o
 .debug_macro   0x0000000000010ee2      0x1f5 ./system/src/diag/trace.o
 .debug_macro   0x00000000000110d7       0x16 ./system/src/diag/trace.o
 .debug_macro   0x00000000000110ed       0x97 ./system/src/diag/trace.o
 .debug_macro   0x0000000000011184       0xfd ./system/src/diag/trace.o
 .debug_macro   0x0000000000011281       0x10 ./system/src/diag/trace.o
 .debug_macro   0x0000000000011291       0x16 ./system/src/diag/trace.o
 .debug_macro   0x00000000000112a7      0x16f ./system/src/diag/trace.o
 .debug_macro   0x0000000000011416       0x4c ./system/src/diag/trace.o
 .debug_macro   0x0000000000011462       0x16 ./system/src/diag/trace.o
 .debug_macro   0x0000000000011478      0x444 ./system/src/cortexm/exception-handlers.o
 .debug_macro   0x00000000000118bc       0x10 ./system/src/cortexm/exception-handlers.o
 .debug_macro   0x00000000000118cc      0x290 ./system/src/cortexm/initialize-hardware.o
 .debug_macro   0x0000000000011b5c      0x286 ./system/src/cmsis/system_stm32f0xx.o
 .debug_macro   0x0000000000011de2       0x34 ./system/src/cmsis/vectors_stm32f051x8.o
 .debug_macro   0x0000000000011e16      0x3cb ./src/initialize-hardware.o
 .debug_macro   0x00000000000121e1      0x295 ./src/lcd_stm32f0.o
 .debug_macro   0x0000000000012476       0x82 ./src/lcd_stm32f0.o
 .debug_macro   0x00000000000124f8      0x40f ./src/main.o
 .debug_macro   0x0000000000012907       0x88 ./src/main.o
 .debug_macro   0x000000000001298f      0x286 ./src/stm32f0xx_hal_msp.o
